INFO: Running with entropic power schedule (0xFF, 100).
INFO: Seed: 104776845
INFO: Loaded 1 modules   (15487 inline 8-bit counters): 15487 [0x5681df1f3ed0, 0x5681df1f7b4f), 
INFO: Loaded 1 PC tables (15487 PCs): 15487 [0x5681df1f7b50,0x5681df234340), 
INFO:      257 files found in /home/sam/workspace/security/BSA_remote_file_auth_system/Z-BACS/crates/zbacs-core/fuzz/corpus/header_signed
INFO: seed corpus: files: 257 min: 92b max: 1384b total: 80987b rss: 33Mb
#258	INITED cov: 2512 ft: 4219 corp: 210/70Kb exec/s: 0 rss: 63Mb
#415	REDUCE cov: 2512 ft: 4219 corp: 210/70Kb lim: 1384 exec/s: 0 rss: 69Mb L: 102/1384 MS: 2 ChangeBit-EraseBytes-
#638	NEW    cov: 2512 ft: 4220 corp: 211/70Kb lim: 1384 exec/s: 0 rss: 74Mb L: 255/1384 MS: 3 ShuffleBytes-InsertRepeatedBytes-InsertByte-
#795	REDUCE cov: 2512 ft: 4220 corp: 211/70Kb lim: 1384 exec/s: 0 rss: 80Mb L: 187/1384 MS: 2 EraseBytes-InsertByte-
#1022	NEW    cov: 2512 ft: 4221 corp: 212/72Kb lim: 1384 exec/s: 0 rss: 89Mb L: 1366/1384 MS: 2 ChangeByte-CopyPart-
#1565	NEW    cov: 2512 ft: 4222 corp: 213/72Kb lim: 1384 exec/s: 1565 rss: 108Mb L: 95/1384 MS: 3 ChangeBinInt-ChangeBinInt-ChangeBit-
#1718	RELOAD cov: 2512 ft: 4226 corp: 215/74Kb lim: 1384 exec/s: 1718 rss: 114Mb
#2225	REDUCE cov: 2512 ft: 4226 corp: 215/74Kb lim: 1384 exec/s: 2225 rss: 129Mb L: 294/1384 MS: 2 CMP-EraseBytes- DE: "\377\377"-
#2341	REDUCE cov: 2512 ft: 4226 corp: 215/74Kb lim: 1384 exec/s: 2341 rss: 133Mb L: 752/1384 MS: 1 EraseBytes-
#2445	REDUCE cov: 2512 ft: 4226 corp: 215/74Kb lim: 1384 exec/s: 2445 rss: 136Mb L: 173/1384 MS: 4 ChangeBit-PersAutoDict-EraseBytes-InsertRepeatedBytes- DE: "\377\377"-
#3984	REDUCE cov: 2512 ft: 4226 corp: 215/74Kb lim: 1394 exec/s: 1992 rss: 189Mb L: 109/1384 MS: 5 EraseBytes-InsertRepeatedBytes-ChangeBinInt-PersAutoDict-PersAutoDict- DE: "\377\377"-"\377\377"-
#4096	pulse  cov: 2512 ft: 4226 corp: 215/74Kb lim: 1394 exec/s: 2048 rss: 192Mb
#5980	RELOAD cov: 2513 ft: 4227 corp: 216/75Kb lim: 1404 exec/s: 1495 rss: 257Mb
#6528	NEW    cov: 2513 ft: 4258 corp: 217/76Kb lim: 1414 exec/s: 1632 rss: 273Mb L: 1052/1384 MS: 3 PersAutoDict-CMP-CMP- DE: "\377\377"-"\021\000\000\000"-"\001\000\000\020"-
#7079	REDUCE cov: 2513 ft: 4258 corp: 217/76Kb lim: 1414 exec/s: 1415 rss: 291Mb L: 705/1384 MS: 1 EraseBytes-
#8192	pulse  cov: 2513 ft: 4258 corp: 217/76Kb lim: 1424 exec/s: 1638 rss: 328Mb
#8368	REDUCE cov: 2513 ft: 4258 corp: 217/76Kb lim: 1424 exec/s: 1673 rss: 333Mb L: 739/1384 MS: 1 EraseBytes-
#8893	REDUCE cov: 2513 ft: 4258 corp: 217/76Kb lim: 1424 exec/s: 1482 rss: 351Mb L: 785/1384 MS: 1 EraseBytes-
#8934	REDUCE cov: 2513 ft: 4258 corp: 217/76Kb lim: 1424 exec/s: 1489 rss: 352Mb L: 245/1384 MS: 1 EraseBytes-
#9935	REDUCE cov: 2513 ft: 4258 corp: 217/75Kb lim: 1424 exec/s: 1419 rss: 386Mb L: 812/1384 MS: 1 CrossOver-
#16384	pulse  cov: 2513 ft: 4258 corp: 217/75Kb lim: 1484 exec/s: 1489 rss: 456Mb
#16875	REDUCE cov: 2513 ft: 4258 corp: 217/75Kb lim: 1484 exec/s: 1534 rss: 456Mb L: 424/1384 MS: 3 CrossOver-EraseBytes-CMP- DE: "'*\276\247\353\007\000\000"-
#17734	RELOAD cov: 2513 ft: 4266 corp: 218/77Kb lim: 1484 exec/s: 1477 rss: 457Mb
#18716	REDUCE cov: 2513 ft: 4266 corp: 218/77Kb lim: 1494 exec/s: 1439 rss: 458Mb L: 252/1384 MS: 2 EraseBytes-InsertByte-
#18728	REDUCE cov: 2513 ft: 4266 corp: 218/77Kb lim: 1494 exec/s: 1440 rss: 458Mb L: 675/1384 MS: 2 PersAutoDict-EraseBytes- DE: "\001\000\000\020"-
#18755	REDUCE cov: 2513 ft: 4266 corp: 218/76Kb lim: 1494 exec/s: 1442 rss: 458Mb L: 338/1384 MS: 2 CopyPart-EraseBytes-
#19443	REDUCE cov: 2513 ft: 4266 corp: 218/76Kb lim: 1494 exec/s: 1495 rss: 459Mb L: 285/1384 MS: 2 EraseBytes-CMP- DE: "\376\377\377\367"-
#19769	REDUCE cov: 2513 ft: 4266 corp: 218/76Kb lim: 1494 exec/s: 1520 rss: 459Mb L: 376/1384 MS: 1 EraseBytes-
#21233	REDUCE cov: 2513 ft: 4266 corp: 218/76Kb lim: 1504 exec/s: 1516 rss: 459Mb L: 753/1384 MS: 4 ChangeByte-ChangeByte-ChangeBinInt-EraseBytes-
#21924	REDUCE cov: 2513 ft: 4266 corp: 218/76Kb lim: 1504 exec/s: 1461 rss: 459Mb L: 207/1384 MS: 1 EraseBytes-
#21965	RELOAD cov: 2513 ft: 4267 corp: 219/78Kb lim: 1504 exec/s: 1464 rss: 459Mb
#24194	REDUCE cov: 2513 ft: 4267 corp: 219/78Kb lim: 1524 exec/s: 1512 rss: 459Mb L: 537/1476 MS: 2 EraseBytes-InsertByte-
#25665	REDUCE cov: 2513 ft: 4267 corp: 219/78Kb lim: 1534 exec/s: 1425 rss: 459Mb L: 1092/1476 MS: 2 PersAutoDict-EraseBytes- DE: "'*\276\247\353\007\000\000"-
#25691	REDUCE cov: 2513 ft: 4267 corp: 219/78Kb lim: 1534 exec/s: 1427 rss: 459Mb L: 231/1476 MS: 1 EraseBytes-
#26292	REDUCE cov: 2513 ft: 4267 corp: 219/77Kb lim: 1534 exec/s: 1460 rss: 459Mb L: 478/1476 MS: 1 EraseBytes-
#26819	REDUCE cov: 2513 ft: 4267 corp: 219/77Kb lim: 1534 exec/s: 1489 rss: 460Mb L: 128/1476 MS: 2 ChangeByte-EraseBytes-
#27419	REDUCE cov: 2513 ft: 4267 corp: 219/77Kb lim: 1534 exec/s: 1443 rss: 460Mb L: 965/1476 MS: 5 EraseBytes-InsertByte-ChangeBinInt-CopyPart-CopyPart-
#29404	REDUCE cov: 2513 ft: 4267 corp: 219/77Kb lim: 1544 exec/s: 1470 rss: 460Mb L: 349/1476 MS: 1 EraseBytes-
#29889	REDUCE cov: 2513 ft: 4267 corp: 219/77Kb lim: 1544 exec/s: 1423 rss: 460Mb L: 193/1476 MS: 5 CMP-ChangeBit-EraseBytes-CrossOver-ChangeBinInt- DE: "def"-
#31109	NEW    cov: 2513 ft: 4298 corp: 220/78Kb lim: 1554 exec/s: 1481 rss: 460Mb L: 361/1476 MS: 4 EraseBytes-ChangeBit-CrossOver-CrossOver-
#32085	REDUCE cov: 2513 ft: 4298 corp: 220/78Kb lim: 1554 exec/s: 1458 rss: 460Mb L: 169/1476 MS: 2 ChangeByte-EraseBytes-
#32319	REDUCE cov: 2513 ft: 4298 corp: 220/78Kb lim: 1554 exec/s: 1469 rss: 460Mb L: 510/1476 MS: 4 PersAutoDict-ChangeBit-ChangeBit-EraseBytes- DE: "\377\377"-
#32557	NEW    cov: 2513 ft: 4329 corp: 221/78Kb lim: 1554 exec/s: 1479 rss: 460Mb L: 300/1476 MS: 3 CMP-EraseBytes-InsertByte- DE: "\377\377\377\377\377\377?\000"-
#32693	REDUCE cov: 2513 ft: 4329 corp: 221/78Kb lim: 1554 exec/s: 1486 rss: 460Mb L: 1332/1476 MS: 1 EraseBytes-
#32768	pulse  cov: 2513 ft: 4329 corp: 221/78Kb lim: 1554 exec/s: 1489 rss: 460Mb
#35319	NEW    cov: 2513 ft: 4330 corp: 222/78Kb lim: 1574 exec/s: 1471 rss: 460Mb L: 385/1476 MS: 3 InsertRepeatedBytes-ChangeASCIIInt-CMP- DE: "\000\000\007\353\247\302v("-
#36101	REDUCE cov: 2513 ft: 4330 corp: 222/78Kb lim: 1574 exec/s: 1444 rss: 460Mb L: 462/1476 MS: 2 ChangeASCIIInt-EraseBytes-
#37245	REDUCE cov: 2513 ft: 4330 corp: 222/78Kb lim: 1584 exec/s: 1432 rss: 460Mb L: 1314/1476 MS: 1 EraseBytes-
#40742	REDUCE cov: 2513 ft: 4330 corp: 222/78Kb lim: 1614 exec/s: 1455 rss: 461Mb L: 94/1476 MS: 1 EraseBytes-
#40769	REDUCE cov: 2513 ft: 4330 corp: 222/78Kb lim: 1614 exec/s: 1456 rss: 461Mb L: 199/1476 MS: 2 ChangeBinInt-EraseBytes-
#41002	REDUCE cov: 2513 ft: 4330 corp: 222/78Kb lim: 1614 exec/s: 1464 rss: 461Mb L: 956/1476 MS: 1 EraseBytes-
#41013	REDUCE cov: 2513 ft: 4330 corp: 222/78Kb lim: 1614 exec/s: 1464 rss: 461Mb L: 952/1476 MS: 1 EraseBytes-
#42539	REDUCE cov: 2513 ft: 4330 corp: 222/78Kb lim: 1624 exec/s: 1466 rss: 461Mb L: 1242/1476 MS: 1 EraseBytes-
